// Jest Snapshot v1, https://goo.gl/fbAQLP

exports[`test_Button test_2: сравнение с снимком 1`] = `
<DocumentFragment>
  <button
    class="button"
  >
    test
  </button>
</DocumentFragment>
`;
