// Jest Snapshot v1, https://goo.gl/fbAQLP

exports[`test_Input test_1: сравнение с снимком 1`] = `
<DocumentFragment>
  <input
    class="input"
    data-testid="input"
    placeholder="  Your message..."
    type="text"
    value=""
  />
</DocumentFragment>
`;
